---
source: src/adapters/tui/widgets/agent_inspector.rs
expression: text
---
┌ Agent Inspector · coder ─────────────────────────────────┐
│Agent: coder                                              │
│Model: (unresolved)                                       │
│Tools: (unresolved)                                       │
│Spawned: 2h 0m 0s ago                                     │
│                                                          │
│Current task:                                             │
│hello                                                     │
│world                                                     │
│working...                                                │
│                                                          │
│Resource usage:                                           │
│  Tokens: 0 in / 0 out                                    │
│  Cost: n/a                                               │
│  Turns: 0                                                │
│  Memory: (n/a — in-process tier)                         │
│                                                          │
│Children:                                                 │
│  (none)                                                  │
└──────────────────────────────────────────────────────────┘
