---
source: src/adapters/tui/widgets/agent_panel.rs
expression: text
---
┌ Agents ──────────────────────────────────────────────────┐
│                                                          │
│                    No agents running.                    │
│      Ask the assistant to delegate or use plan mode.     │
│                                                          │
│                                                          │
│                                                          │
└──────────────────────────────────────────────────────────┘
