---
source: src/adapters/tui/widgets/agent_panel.rs
expression: text
---
┌ Agents ──────────────────────────────────────────────────┐
│⏸ ♦ code-reviewer  0s                                     │
│                                                          │
│                                                          │
└──────────────────────────────────────────────────────────┘
