---
source: src/adapters/tui/widgets/agent_panel.rs
expression: text
---
┌ Agents ──────────────────────────────────────────────────┐
│● ♦ orchestrator  0s                                      │
│⏸ ♦   coder  0s                                           │
│⏸ ♦     reviewer  0s                                      │
└──────────────────────────────────────────────────────────┘
